// Jest Snapshot v1, https://goo.gl/fbAQLP

exports[`calcServoAngles A angle @ max reach 1`] = `NaN`;

exports[`calcServoAngles A angle @ min reach 1`] = `89.04`;

exports[`calcServoAngles B angle @ max reach 1`] = `NaN`;

exports[`calcServoAngles B angle @ min reach 1`] = `90.96`;

exports[`calcTranslation calcTranslation diagonal / 1`] = `
Object {
  "CURRENT_POSITION": Array [
    69.3,
    32.18,
  ],
  "CURRENT_PULSE_A": 1730,
  "CURRENT_PULSE_B": 2142,
  "DELTA_DEGREES_A": 89.88,
  "DELTA_DEGREES_B": 32.44,
  "DELTA_PULSE_A": 999,
  "DELTA_PULSE_B": 360,
  "DELTA_X": 4,
  "DELTA_Y": 3,
  "NUM_STEPS": 360,
  "PULSE_INCREMENT_A": -2.77,
  "PULSE_INCREMENT_B": -1,
  "TARGET_POSITION": Array [
    159.18,
    64.62,
  ],
  "TARGET_PULSE_A": 731,
  "TARGET_PULSE_B": 1782,
}
`;

exports[`calcTranslation calcTranslation diagonal2 \\ 1`] = `
Object {
  "CURRENT_POSITION": Array [
    115.38,
    20.82,
  ],
  "CURRENT_PULSE_A": 1218,
  "CURRENT_PULSE_B": 2269,
  "DELTA_DEGREES_A": 32.44,
  "DELTA_DEGREES_B": 89.88,
  "DELTA_PULSE_A": 360,
  "DELTA_PULSE_B": 999,
  "DELTA_X": 4,
  "DELTA_Y": 3,
  "NUM_STEPS": 360,
  "PULSE_INCREMENT_A": -1,
  "PULSE_INCREMENT_B": -2.77,
  "TARGET_POSITION": Array [
    147.82,
    110.7,
  ],
  "TARGET_PULSE_A": 858,
  "TARGET_PULSE_B": 1270,
}
`;

exports[`calcTranslation calcTranslation horizontal 1`] = `
Object {
  "CURRENT_POSITION": Array [
    115.38,
    20.82,
  ],
  "CURRENT_PULSE_A": 1218,
  "CURRENT_PULSE_B": 2269,
  "DELTA_DEGREES_A": 43.8,
  "DELTA_DEGREES_B": 43.8,
  "DELTA_PULSE_A": 487,
  "DELTA_PULSE_B": 487,
  "DELTA_X": 4,
  "DELTA_Y": 0,
  "NUM_STEPS": 487,
  "PULSE_INCREMENT_A": -1,
  "PULSE_INCREMENT_B": -1,
  "TARGET_POSITION": Array [
    159.18,
    64.62,
  ],
  "TARGET_PULSE_A": 731,
  "TARGET_PULSE_B": 1782,
}
`;

exports[`calcTranslation calcTranslation vertical 1`] = `
Object {
  "CURRENT_POSITION": Array [
    124.51,
    55.49,
  ],
  "CURRENT_PULSE_A": 1117,
  "CURRENT_PULSE_B": 1883,
  "DELTA_DEGREES_A": 9.79,
  "DELTA_DEGREES_B": 9.79,
  "DELTA_PULSE_A": 109,
  "DELTA_PULSE_B": 109,
  "DELTA_X": 0,
  "DELTA_Y": 1,
  "NUM_STEPS": 109,
  "PULSE_INCREMENT_A": -1,
  "PULSE_INCREMENT_B": 1,
  "TARGET_POSITION": Array [
    134.3,
    45.7,
  ],
  "TARGET_PULSE_A": 1008,
  "TARGET_PULSE_B": 1992,
}
`;
