// Jest Snapshot v1, https://goo.gl/fbAQLP

exports[`calcServoAngles A angle @ max reach 1`] = `170.05`;

exports[`calcServoAngles A angle @ min reach 1`] = `156.47`;

exports[`calcServoAngles B angle @ max reach 1`] = `9.95`;

exports[`calcServoAngles B angle @ min reach 1`] = `23.53`;

exports[`calcTranslation calcTranslation diagonal / 1`] = `
Object {
  "CURRENT_POSITION": Array [
    103.04,
    9.71,
  ],
  "CURRENT_PULSE_A": 1355,
  "CURRENT_PULSE_B": 2392,
  "DELTA_DEGREES_A": 63.69,
  "DELTA_DEGREES_B": 44.08,
  "DELTA_PULSE_A": 708,
  "DELTA_PULSE_B": 490,
  "DELTA_X": 4,
  "DELTA_Y": 3,
  "NUM_STEPS": 490,
  "PULSE_INCREMENT_A": -1.44,
  "PULSE_INCREMENT_B": -1,
  "TARGET_POSITION": Array [
    166.73,
    53.79,
  ],
  "TARGET_PULSE_A": 647,
  "TARGET_PULSE_B": 1902,
}
`;

exports[`calcTranslation calcTranslation diagonal2 \\ 1`] = `
Object {
  "CURRENT_POSITION": Array [
    126.21,
    13.27,
  ],
  "CURRENT_PULSE_A": 1098,
  "CURRENT_PULSE_B": 2353,
  "DELTA_DEGREES_A": 44.08,
  "DELTA_DEGREES_B": 63.69,
  "DELTA_PULSE_A": 490,
  "DELTA_PULSE_B": 708,
  "DELTA_X": 4,
  "DELTA_Y": 3,
  "NUM_STEPS": 490,
  "PULSE_INCREMENT_A": -1,
  "PULSE_INCREMENT_B": -1.44,
  "TARGET_POSITION": Array [
    170.29,
    76.96,
  ],
  "TARGET_PULSE_A": 608,
  "TARGET_PULSE_B": 1645,
}
`;

exports[`calcTranslation calcTranslation horizontal 1`] = `
Object {
  "CURRENT_POSITION": Array [
    126.21,
    13.27,
  ],
  "CURRENT_PULSE_A": 1098,
  "CURRENT_PULSE_B": 2353,
  "DELTA_DEGREES_A": 40.52,
  "DELTA_DEGREES_B": 40.52,
  "DELTA_PULSE_A": 451,
  "DELTA_PULSE_B": 451,
  "DELTA_X": 4,
  "DELTA_Y": 0,
  "NUM_STEPS": 451,
  "PULSE_INCREMENT_A": -1,
  "PULSE_INCREMENT_B": -1,
  "TARGET_POSITION": Array [
    166.73,
    53.79,
  ],
  "TARGET_PULSE_A": 647,
  "TARGET_PULSE_B": 1902,
}
`;

exports[`calcTranslation calcTranslation vertical 1`] = `
Object {
  "CURRENT_POSITION": Array [
    140.92,
    39.08,
  ],
  "CURRENT_PULSE_A": 934,
  "CURRENT_PULSE_B": 2066,
  "DELTA_DEGREES_A": 4.21,
  "DELTA_DEGREES_B": 4.21,
  "DELTA_PULSE_A": 47,
  "DELTA_PULSE_B": 47,
  "DELTA_X": 0,
  "DELTA_Y": 1,
  "NUM_STEPS": 47,
  "PULSE_INCREMENT_A": -1,
  "PULSE_INCREMENT_B": 1,
  "TARGET_POSITION": Array [
    145.13,
    34.87,
  ],
  "TARGET_PULSE_A": 887,
  "TARGET_PULSE_B": 2113,
}
`;
